// Jest Snapshot v1, https://goo.gl/fbAQLP

exports[`PromptInstruction renders the prompt instruction with all provided props 1`] = `
<div>
  <div
    class="rounded-lg border bg-neutral-800 text-card-foreground shadow-xs mb-8"
  >
    <div
      class="space-y-1.5 p-6 flex flex-row items-center justify-between"
    >
      <div
        class="flex items-center gap-2"
      >
        <svg
          aria-hidden="true"
          class="lucide lucide-mail h-6 w-6 text-violet-400"
          fill="none"
          height="24"
          stroke="currentColor"
          stroke-linecap="round"
          stroke-linejoin="round"
          stroke-width="2"
          viewBox="0 0 24 24"
          width="24"
          xmlns="http://www.w3.org/2000/svg"
        >
          <rect
            height="16"
            rx="2"
            width="20"
            x="2"
            y="4"
          />
          <path
            d="m22 7-8.97 5.7a1.94 1.94 0 0 1-2.06 0L2 7"
          />
        </svg>
        <h2
          class="text-xl font-semibold"
        >
          Test Title
        </h2>
      </div>
      <button
        class="inline-flex items-center justify-center gap-2 whitespace-nowrap font-medium transition-colors focus-visible:outline-hidden focus-visible:ring-1 focus-visible:ring-ring disabled:pointer-events-none disabled:opacity-50 [&_svg]:pointer-events-none [&_svg]:size-4 [&_svg]:shrink-0 border shadow-xs hover:text-accent-foreground h-8 rounded-md px-3 text-xs border-gray-800 bg-transparent text-white hover:bg-violet-700"
      >
        <svg
          aria-hidden="true"
          class="lucide lucide-copy h-4 w-4"
          fill="none"
          height="24"
          stroke="currentColor"
          stroke-linecap="round"
          stroke-linejoin="round"
          stroke-width="2"
          viewBox="0 0 24 24"
          width="24"
          xmlns="http://www.w3.org/2000/svg"
        >
          <rect
            height="14"
            rx="2"
            ry="2"
            width="14"
            x="8"
            y="8"
          />
          <path
            d="M4 16c-1.1 0-2-.9-2-2V4c0-1.1.9-2 2-2h10c1.1 0 2 .9 2 2"
          />
        </svg>
        <span>
          Copy 
          Prompt
        </span>
      </button>
    </div>
    <div
      class="p-6 pt-0"
    >
      <pre
        class="text-gray-400"
      >
        Test description text
      </pre>
    </div>
  </div>
</div>
`;
